# $MirOS: contrib/code/Snippets/KBDmir2U.map,v 1.1 2013/03/22 23:53:26 tg Exp $
#-
# Copyright © 2000, 2004, 2007, 2008, 2010, 2012, 2013, 2017
#	mirabilos <m@mirbsd.org>
#
# Provided that these terms and disclaimer and all copyright notices
# are retained or reproduced in an accompanying document, permission
# is granted to deal in this work without restriction, including un‐
# limited rights to use, publicly perform, distribute, sell, modify,
# merge, give away, or sublicence.
#
# This work is provided “AS IS” and WITHOUT WARRANTY of any kind, to
# the utmost extent permitted by applicable law, neither express nor
# implied; without malicious intent or gross negligence. In no event
# may a licensor, author or contributor be held liable for indirect,
# direct, other damage, loss, or other issues arising in any way out
# of dealing in the work, even if advised of the possibility of such
# damage or existence of a defect, except proven that it results out
# of said person’s immediate fault when using the work as intended.
#-
# MirKeyboardLayout for the Linux® VT (text console) for ecce
#
# Based on MirOS: contrib/samples/dot.Xmodmap,v 1.27

keymaps 0-1,4-5,8-9,12

#		normal		shift		ctrl		ctrl-shift	alt	shift-alt	ctrl-alt
keycode   1 =	U+0060		Escape		VoidSymbol	VoidSymbol	U+00E0	U+4DC0
keycode   2 =	one		exclam		VoidSymbol	VoidSymbol	U+00B1	U+00A1
keycode   3 =	two		at		nul		nul		U+00B2	U+00C0
keycode   4 =	three		numbersign	VoidSymbol	VoidSymbol	U+00B3	U+00A3
keycode   5 =	four		dollar		VoidSymbol	VoidSymbol	U+00B4	U+00A4
keycode   6 =	five		percent		VoidSymbol	VoidSymbol	U+00B5	U+00A5
keycode   7 =	six		asciicircum	Control_asciicircum Control_asciicircum U+00B6 U+00DE
keycode   8 =	seven		ampersand	VoidSymbol	VoidSymbol	U+00B7	U+00A6
keycode   9 =	eight		asterisk	VoidSymbol	VoidSymbol	U+00B8	U+00AA
keycode  10 =	nine		parenleft	VoidSymbol	VoidSymbol	U+00B9	U+00A8
keycode  11 =	zero		parenright	VoidSymbol	VoidSymbol	U+00B0	U+00A9
keycode  12 =	minus		underscore	Control_underscore Control_underscore U+2010 U+00DF
keycode  13 =	equal		plus		VoidSymbol	VoidSymbol	U+00BD	U+00AB
keycode  14 =	Delete		Delete		BackSpace	BackSpace	U+00FF	U+0178
keycode  15 =	Tab		Tab		VoidSymbol	VoidSymbol	U+201C	U+201D
keycode  16 =	q		Q		Control_q	Control_q	U+00F1	U+00D1
keycode  17 =	w		W		Control_w	Control_w	U+00F7	U+00D7
keycode  18 =	e		E		Control_e	Control_e	U+00E5	U+00C5
keycode  19 =	r		R		Control_r	Control_r	U+00F2	U+00D2
keycode  20 =	t		T		Control_t	Control_t	U+00F4	U+00D4
keycode  21 =	y		Y		Control_y	Control_y	U+00F9	U+00D9
keycode  22 =	u		U		Control_u	Control_u	U+00F5	U+00D5
keycode  23 =	i		I		Control_i	Control_i	U+00E9	U+00C9
keycode  24 =	o		O		Control_o	Control_o	U+00EF	U+00CF
keycode  25 =	p		P		Control_p	Control_p	U+00F0	U+00D0
keycode  26 =	bracketleft	braceleft	Escape		Escape		U+00DB	U+00FB
keycode  27 =	bracketright	braceright	Control_bracketright Control_bracketright U+00DD U+00FD
keycode  28 =	Return		Return		Return		Return		U+2022	U+2013
keycode  29 =	Control
keycode  30 =	a		A		Control_a	Control_a	U+00E1	U+00C1
keycode  31 =	s		S		Control_s	Control_s	U+00F3	U+00D3
keycode  32 =	d		D		Control_d	Control_d	U+00E4	U+00C4
keycode  33 =	f		F		Control_f	Control_f	U+00E6	U+00C6
keycode  34 =	g		G		Control_g	Control_g	U+00E7	U+00C7
keycode  35 =	h		H		Control_h	Control_h	U+00E8	U+00C8
keycode  36 =	j		J		Control_j	Control_j	U+00EA	U+00CA
keycode  37 =	k		K		Control_k	Control_k	U+00EB	U+00CB
keycode  38 =	l		L		Control_l	Control_l	U+00EC	U+00CC
keycode  39 =	semicolon	colon		VoidSymbol	VoidSymbol	U+00BB	U+00BA
keycode  40 =	apostrophe	quotedbl	VoidSymbol	VoidSymbol	U+00A7	U+00A2
keycode  41 =	Escape		asciitilde	VoidSymbol	VoidSymbol	Escape	U+00FE
keycode  42 =	Shift
keycode  43 =	backslash	bar		Control_backslash Control_backslash U+00DC U+00FC
keycode  44 =	z		Z		Control_z	Control_z	U+00FA	U+00DA
keycode  45 =	x		X		Control_x	Control_x	U+00F8	U+00D8
keycode  46 =	c		C		Control_c	Control_c	U+00E3	U+00C3
keycode  47 =	v		V		Control_v	Control_v	U+00F6	U+00D6
keycode  48 =	b		B		Control_b	Control_b	U+00E2	U+00C2
keycode  49 =	n		N		Control_n	Control_n	U+00EE	U+00CE
keycode  50 =	m		M		Control_m	Control_m	U+00ED	U+00CD
keycode  51 =	comma		less		VoidSymbol	VoidSymbol	U+00AC	U+00BC
keycode  52 =	period		greater		Compose		Compose		U+00AE	U+00BE
keycode  53 =	slash		question	Delete		Delete		U+00AF	U+00BF
keycode  54 =	Shift
keycode  55 =	KP_Multiply	KP_Multiply	KP_Multiply	KP_Multiply	Hex_C	Hex_C
keycode  56 =	Compose
keycode  57 =	space		space		nul		nul		U+00A0	U+3000
keycode  58 =	U+2026		U+20AC		VoidSymbol	VoidSymbol	U+201E	U+2122
keycode  59 =	F1		F11		F1		F11		U+263B	U+250C	Console_1
keycode  60 =	F2		F12		F2		F12		U+263A	U+2500	Console_2
keycode  61 =	F3		F13		F3		F13		U+2639	U+2510	Console_3
keycode  62 =	F4		F14		F4		F14		U+1E9E	U+2502	Console_4
keycode  63 =	F5		F15		F5		F15		F99	U+2514	Console_5
keycode  64 =	F6		F16		F6		F16		U+2260	U+2518	Console_6
keycode  65 =	F7		F17		F7		F17		U+2018	U+251C	Console_7
keycode  66 =	F8		F18		F8		F18		U+2019	U+2524	Console_8
keycode  67 =	F9		F19		F9		F19		U+0332	U+253C	Console_9
keycode  68 =	F10		F20		F10		F20		U+0305	U+252C	Console_10
keycode  69 =	Num_Lock	Bare_Num_Lock	Num_Lock	Bare_Num_Lock	Hex_A	Hex_A
keycode  70 =	Scroll_Lock	Show_Memory	Show_State	Show_Registers	Scroll_Lock Scroll_Lock
keycode  71 =	KP_7		KP_7		KP_7		KP_7		Hex_7	Hex_7
keycode  72 =	KP_8		KP_8		KP_8		KP_8		Hex_8	Hex_8
keycode  73 =	KP_9		KP_9		KP_9		KP_9		Hex_9	Hex_9
keycode  74 =	KP_Subtract	KP_Subtract	KP_Subtract	KP_Subtract	Hex_D	Hex_D
keycode  75 =	KP_4		KP_4		KP_4		KP_4		Hex_4	Hex_4
keycode  76 =	KP_5		KP_5		KP_5		KP_5		Hex_5	Hex_5
keycode  77 =	KP_6		KP_6		KP_6		KP_6		Hex_6	Hex_6
keycode  78 =	KP_Add		KP_Add		KP_Add		KP_Add		Hex_E	Hex_E
keycode  79 =	KP_1		KP_1		KP_1		KP_1		Hex_1	Hex_1
keycode  80 =	KP_2		KP_2		KP_2		KP_2		Hex_2	Hex_2
keycode  81 =	KP_3		KP_3		KP_3		KP_3		Hex_3	Hex_3
keycode  82 =	KP_0		KP_0		KP_0		KP_0		Hex_0	Hex_0
keycode  83 =	KP_Period	KP_Period	KP_Period	KP_Period	KP_Period KP_Period	Boot
keycode  84 =	Last_Console
keycode  85 =	VoidSymbol
keycode  86 =	Alt
keycode  87 =	F11		F11		F11		F11		U+2023	U+2534	Console_11
keycode  88 =	F12		F12		F12		F12		U+2025	U+2588	Console_12
keycode  89 =	VoidSymbol
keycode  90 =	VoidSymbol
keycode  91 =	VoidSymbol
keycode  92 =	VoidSymbol
keycode  93 =	VoidSymbol
keycode  94 =	VoidSymbol
keycode  95 =	VoidSymbol
keycode  96 =	KP_Enter	KP_Enter	KP_Enter	KP_Enter	Hex_F	Hex_F
keycode  97 =	Control
keycode  98 =	KP_Divide	KP_Divide	KP_Divide	KP_Divide	Hex_B	Hex_B
keycode  99 =	VoidSymbol
keycode 100 =	Alt
keycode 101 =	Break
keycode 102 =	Find		Find		Find		Find		U+3014	U+3010
keycode 103 =	Up		Up		Up		Up		U+2191	U+21D1
keycode 104 =	Prior		Scroll_Backward	Prior		Scroll_Backward	U+300C	U+300E
keycode 105 =	Left		Left		Left		Left		U+2190	U+21D0
keycode 106 =	Right		Right		Right		Right		U+2192	U+21D2
keycode 107 =	Select		Select		Select		Select		U+3015	U+3011
keycode 108 =	Down		Down		Down		Down		U+2193	U+21D3
keycode 109 =	Next		Scroll_Forward	Next		Scroll_Forward	U+300D	U+300F
keycode 110 =	Insert		Insert		Insert		Insert		U+3008	U+300A
keycode 111 =	Remove		Remove		Remove		Remove		U+3009	U+300B	Boot
keycode 112 =	Macro
keycode 113 =	F13
keycode 114 =	F14
keycode 115 =	Help
keycode 116 =	Do
keycode 117 =	F17
keycode 118 =	KP_MinPlus
keycode 119 =	Pause
keycode 120 =	VoidSymbol
keycode 121 =	VoidSymbol
keycode 122 =	VoidSymbol
keycode 123 =	VoidSymbol
keycode 124 =	VoidSymbol
keycode 125 =	Compose
keycode 126 =	Compose
keycode 127 =	Compose

# U+FFFD doesn’t work ☹
string F99 = "\357\277\275"

# rest is copied from the Linux defkeymap.map

string F1 = "\033[[A"
string F2 = "\033[[B"
string F3 = "\033[[C"
string F4 = "\033[[D"
string F5 = "\033[[E"
string F6 = "\033[17~"
string F7 = "\033[18~"
string F8 = "\033[19~"
string F9 = "\033[20~"
string F10 = "\033[21~"
string F11 = "\033[23~"
string F12 = "\033[24~"
string F13 = "\033[25~"
string F14 = "\033[26~"
string F15 = "\033[28~"
string F16 = "\033[29~"
string F17 = "\033[31~"
string F18 = "\033[32~"
string F19 = "\033[33~"
string F20 = "\033[34~"
string Find = "\033[1~"
string Insert = "\033[2~"
string Remove = "\033[3~"
string Select = "\033[4~"
string Prior = "\033[5~"
string Next = "\033[6~"
string Macro = "\033[M"
string Pause = "\033[P"
