# $MirOS: contrib/code/Snippets/KBDmir2U.map,v 1.1 2013/03/22 23:53:26 tg Exp $
#-
# Copyright © 2000, 2004, 2007, 2008, 2010, 2012, 2013, 2017
#	mirabilos <m@mirbsd.org>
#
# Provided that these terms and disclaimer and all copyright notices
# are retained or reproduced in an accompanying document, permission
# is granted to deal in this work without restriction, including un‐
# limited rights to use, publicly perform, distribute, sell, modify,
# merge, give away, or sublicence.
#
# This work is provided “AS IS” and WITHOUT WARRANTY of any kind, to
# the utmost extent permitted by applicable law, neither express nor
# implied; without malicious intent or gross negligence. In no event
# may a licensor, author or contributor be held liable for indirect,
# direct, other damage, loss, or other issues arising in any way out
# of dealing in the work, even if advised of the possibility of such
# damage or existence of a defect, except proven that it results out
# of said person’s immediate fault when using the work as intended.
#-
# MirKBD Revision 4.01, English (Europe) + Meta key, Linux vtconsole
#
# Based on MirOS: contrib/samples/dot.Xmodmap,v 1.24.4.10

keymaps 0-1,4-5,8-9,12

#		normal		shift		control		control-shift	alt		shift-alt	control-alt
keycode   1 =	grave		Escape		Escape		Escape		agrave		U+4DC0		SAK
keycode  59 =	F1		F11		F1		F11		U+263B		U+250C		Console_1
keycode  60 =	F2		F12		F2		F12		U+263A		U+2500		Console_2
keycode  61 =	F3		F13		F3		F13		U+2639		U+2510		Console_3
keycode  62 =	F4		F14		F4		F14		U+1E9E		U+2502		Console_4
keycode  63 =	F5		F15		F5		F15		F177		U+2514		Console_5
keycode  64 =	F6		F16		F6		F16		U+2260		U+2518		Console_6
keycode  65 =	F7		F17		F7		F17		U+2018		U+251C		Console_7
keycode  66 =	F8		F18		F8		F18		U+2019		U+2524		Console_8
keycode  67 =	F9		F19		F9		F19		U+0332		U+253C		Console_9
keycode  68 =	F10		F20		F10		F20		U+0305		U+252C		Console_10
keycode  87 =	F11		F11		F11		F11		U+2023		U+2534		Console_11
keycode  88 =	F12		F12		F12		F12		U+2025		U+2588		Console_12
keycode  84 =	Last_Console
keycode  99 =	Control_backslash
keycode  70 =	Scroll_Lock	Show_Memory	Show_State	VoidSymbol	Show_Registers
keycode 101 =	Break
keycode 119 =	Pause

keycode  41 =	Escape		asciitilde	Escape		Escape		Escape		thorn
keycode   2 =	one		exclam		VoidSymbol	VoidSymbol	plusminus	exclamdown	Hex_1
keycode   3 =	two		at		nul		nul		twosuperior	Agrave		Hex_2
keycode   4 =	three		numbersign	VoidSymbol	VoidSymbol	threesuperior	sterling	Hex_3
keycode   5 =	four		dollar		VoidSymbol	VoidSymbol	acute		currency	Hex_4
keycode   6 =	five		percent		VoidSymbol	VoidSymbol	mu		yen		Hex_5
keycode   7 =	six		asciicircum	Control_asciicircum Control_asciicircum pilcrow	THORN		Hex_6
keycode   8 =	seven		ampersand	VoidSymbol	VoidSymbol	periodcentered	brokenbar	Hex_7
keycode   9 =	eight		asterisk	VoidSymbol	VoidSymbol	cedilla		ordfeminine	Hex_8
keycode  10 =	nine		parenleft	VoidSymbol	VoidSymbol	onesuperior	diaeresis	Hex_9
keycode  11 =	zero		parenright	VoidSymbol	VoidSymbol	degree		copyright	Hex_0
keycode  12 =	minus		underscore	Control_underscore Control_underscore U+2010	ssharp
keycode  13 =	equal		plus		VoidSymbol	VoidSymbol	onehalf		guillemotleft
keycode  14 =	Delete		BackSpace	Delete		BackSpace	ydiaeresis	U+0178
keycode 110 =	Insert		Insert		Insert		Insert		U+3008		U+300A
keycode 102 =	Home		Home		Home		Home		U+3014		U+3010
keycode 104 =	PageUp		PageUp		PageUp		PageUp		U+300C		U+300E
keycode  69 =	Num_Lock	Bare_Num_Lock	Num_Lock	Bare_Num_Lock	Num_Lock	Bare_Num_Lock	Num_Lock
keycode  98 =	KP_Divide	KP_Divide	KP_Divide	KP_Divide	Hex_A		Hex_A		KP_Divide
keycode  55 =	KP_Multiply	KP_Multiply	KP_Multiply	KP_Multiply	Hex_B		Hex_B		KP_Multiply
keycode  74 =	KP_Subtract	KP_Subtract	KP_Subtract	KP_Subtract	Hex_C		Hex_C		KP_Subtract

keycode  15 =	Tab		Meta_Tab	VoidSymbol	VoidSymbol	U+201C		U+201D
keycode  16 =	q		Q		Control_q	Control_q	ntilde		Ntilde
keycode  17 =	w		W		Control_w	Control_w	division	multiply
keycode  18 =	e		E		Control_e	Control_e	aring		Aring		Hex_E
keycode  19 =	r		R		Control_r	Control_r	ograve		Ograve
keycode  20 =	t		T		Control_t	Control_t	ocircumflex	Ocircumflex
keycode  21 =	y		Y		Control_y	Control_y	ugrave		Ugrave
keycode  22 =	u		U		Control_u	Control_u	otilde		Otilde
keycode  23 =	i		I		Control_i	Control_i	eacute		Eacute
keycode  24 =	o		O		Control_o	Control_o	idiaeresis	Idiaeresis
keycode  25 =	p		P		Control_p	Control_p	eth		ETH
keycode  26 =	bracketleft	braceleft	Escape		Escape		Ucircumflex	ucircumflex
keycode  27 =	bracketright	braceright	Control_bracketright Control_bracketright Yacute yacute
keycode  28 =	Return		Return		Return		Return		U+2022		U+2013		KeyboardSignal
keycode 111 =	Remove		Delete		Remove		Delete		U+3009		U+300B		Boot
keycode 107 =	End		End		End		End		U+3015		U+3011
keycode 109 =	PageDown	PageDown	PageDown	PageDown	U+300D		U+300F
keycode  71 =	KP_7		KP_7		KP_7		KP_7		Hex_7		Hex_7		Ascii_7
keycode  72 =	KP_8		KP_8		KP_8		KP_8		Hex_8		Hex_8		Ascii_8
keycode  73 =	KP_9		KP_9		KP_9		KP_9		Hex_9		Hex_9		Ascii_9
keycode  78 =	KP_Add		KP_Add		KP_Add		KP_Add		Hex_D		Hex_D		KP_Add

keycode  58 =	U+2026		U+20AC		VoidSymbol	VoidSymbol	U+201E		U+2122
keycode  30 =	a		A		Control_a	Control_a	aacute		Aacute		Hex_A
keycode  31 =	s		S		Control_s	Control_s	oacute		Oacute
keycode  32 =	d		D		Control_d	Control_d	adiaeresis	Adiaeresis	Hex_D
keycode  33 =	f		F		Control_f	Control_f	ae		AE		Hex_F
keycode  34 =	g		G		Control_g	Control_g	ccedilla	Ccedilla
keycode  35 =	h		H		Control_h	Control_h	egrave		Egrave
keycode  36 =	j		J		Control_j	Control_j	ecircumflex	Ecircumflex
keycode  37 =	k		K		Control_k	Control_k	ediaeresis	Ediaeresis
keycode  38 =	l		L		Control_l	Control_l	igrave		Igrave
keycode  39 =	semicolon	colon		VoidSymbol	VoidSymbol	guillemotright	masculine
keycode  40 =	apostrophe	quotedbl	VoidSymbol	VoidSymbol	section		cent
keycode  43 =	backslash	bar		Control_backslash Control_backslash Udiaeresis	udiaeresis
keycode  75 =	KP_4		KP_4		KP_4		KP_4		Hex_4		Hex_4		Ascii_4
keycode  76 =	KP_5		KP_5		KP_5		KP_5		Hex_5		Hex_5		Ascii_5
keycode  77 =	KP_6		KP_6		KP_6		KP_6		Hex_6		Hex_6		Ascii_6

keycode  42 =	Shift
keycode  86 =	Compose
keycode  44 =	z		Z		Control_z	Control_z	uacute		Uacute
keycode  45 =	x		X		Control_x	Control_x	oslash		Oslash
keycode  46 =	c		C		Control_c	Control_c	atilde		Atilde		Hex_C
keycode  47 =	v		V		Control_v	Control_v	odiaeresis	Odiaeresis
keycode  48 =	b		B		Control_b	Control_b	acircumflex	Acircumflex	Hex_B
keycode  49 =	n		N		Control_n	Control_n	icircumflex	Icircumflex
keycode  50 =	m		M		Control_m	Control_m	iacute		Iacute
keycode  51 =	comma		less		VoidSymbol	VoidSymbol	notsign		onequarter
keycode  52 =	period		greater		VoidSymbol	VoidSymbol	registered	threequarters
keycode  53 =	slash		question	Delete		Delete		macron		questiondown
keycode  54 =	Shift
keycode 103 =	Up		Up		Up		Up		U+2191		U+21D1
keycode  79 =	KP_1		KP_1		KP_1		KP_1		Hex_1		Hex_1		Ascii_1
keycode  80 =	KP_2		KP_2		KP_2		KP_2		Hex_2		Hex_2		Ascii_2
keycode  81 =	KP_3		KP_3		KP_3		KP_3		Hex_3		Hex_3		Ascii_3
keycode  96 =	KP_Enter	KP_Enter	KP_Enter	KP_Enter	Hex_E		Hex_E		KP_Enter

keycode  29 =	Control
keycode 125 =	Alt
keycode  56 =	Alt
keycode  57 =	space		space		nul		nul		nobreakspace	U+3000
keycode 100 =	Alt
keycode 126 =	Alt
keycode 127 =	Compose
keycode  97 =	Control
keycode 105 =	Left		Left		Left		Left		U+2190		U+21D0		Decr_Console
keycode 108 =	Down		Down		Down		Down		U+2193		U+21D3
keycode 106 =	Right		Right		Right		Right		U+2192		U+21D2		Incr_Console
keycode  82 =	KP_0		KP_0		KP_0		KP_0		Hex_0		Hex_0		Ascii_0
keycode  83 =	KP_Period	KP_Period	KP_Period	KP_Period	Hex_F		Hex_F		Boot

# Linux, make it a baker’s dozen…
keycode  85 =	VoidSymbol
keycode  89 =	VoidSymbol
keycode  90 =	VoidSymbol
keycode  91 =	VoidSymbol
keycode  92 =	VoidSymbol
keycode  93 =	VoidSymbol
keycode  94 =	VoidSymbol
keycode  95 =	VoidSymbol
keycode 112 =	Macro
keycode 113 =	F13
keycode 114 =	F14
keycode 115 =	Help
keycode 116 =	Do
keycode 117 =	F17
keycode 118 =	KP_MinPlus
keycode 120 =	VoidSymbol
keycode 121 =	VoidSymbol
keycode 122 =	VoidSymbol
keycode 123 =	VoidSymbol
keycode 124 =	VoidSymbol

# U+FFFD doesn’t work ☹
string F177 =	"\357\277\275"

# Linux default
string F1 = "\033[[A"
string F2 = "\033[[B"
string F3 = "\033[[C"
string F4 = "\033[[D"
string F5 = "\033[[E"
string F6 = "\033[17~"
string F7 = "\033[18~"
string F8 = "\033[19~"
string F9 = "\033[20~"
string F10 = "\033[21~"
string F11 = "\033[23~"
string F12 = "\033[24~"
string F13 = "\033[25~"
string F14 = "\033[26~"
string F15 = "\033[28~"
string F16 = "\033[29~"
string F17 = "\033[31~"
string F18 = "\033[32~"
string F19 = "\033[33~"
string F20 = "\033[34~"
string Find = "\033[1~"
string Insert = "\033[2~"
string Remove = "\033[3~"
string Select = "\033[4~"
string Prior = "\033[5~"
string Next = "\033[6~"
string Macro = "\033[M"
string Pause = "\033[P"

# subset of MirOS: X11/xc/nls/Compose/en_US.UTF-8,v 1.8
compose '\'' '\'' to acute
compose '^' '-' to macron
compose '<' ' ' to caron
compose 'A' 'T' to at
compose '(' '(' to bracketleft
compose '/' '/' to backslash
compose ')' ')' to bracketright
compose '^' ' ' to asciicircum
compose ',' ' ' to cedilla
compose '(' '-' to braceleft
compose '/' '^' to bar
compose ')' '-' to braceright
compose ' ' ' ' to nobreakspace
compose 'o' 'c' to copyright
compose 'o' 'r' to registered
compose '.' '>' to U+203A
compose '.' '<' to U+2039
compose '.' '.' to ellipsis
compose '.' '-' to periodcentered
compose '.' '^' to periodcentered
compose '!' '^' to brokenbar
compose '!' '!' to exclamdown
compose 'p' '!' to paragraph
compose '+' '-' to plusminus
compose '?' '?' to questiondown
compose 's' 's' to ssharp
compose 's' 'z' to ssharp
compose 'S' 'S' to U+1E9E
compose 'S' 'Z' to U+1E9E
compose 'o' 'e' to oe
compose 'O' 'E' to OE
compose 'a' 'e' to ae
compose 'A' 'E' to AE
compose 'I' 'J' to U+0132
compose 'i' 'j' to U+0133
compose 'o' 'o' to degree
compose '<' '<' to guillemotleft
compose '>' '>' to guillemotright
compose '\'' '<' to U+2018
compose '\'' '>' to U+2019
compose '\'' ',' to U+201A
compose '"' '<' to U+201C
compose '"' '>' to U+201D
compose '"' ',' to U+201E
compose '%' 'o' to U+2030
compose '\'' '/' to U+2032
compose '"' '/' to U+2033
compose '\'' '\\' to U+2035
compose '"' '\\' to U+2036
compose 'E' '=' to U+20AC
compose 'c' '/' to cent
compose 'L' '-' to sterling
compose 'Y' '=' to yen
compose 'f' 's' to U+017F
compose '#' 'q' to U+2669
compose '#' 'e' to U+266A
compose '#' 'E' to U+266B
compose '#' 'S' to U+266C
compose '#' 'b' to U+266D
compose '#' 'f' to U+266E
compose '#' '#' to U+266F
compose 's' 'o' to section
compose 'P' 'P' to paragraph
compose 'N' 'o' to U+2116
compose '?' '!' to U+2E18
compose '!' '?' to U+203D
compose 'O' 'A' to U+24B6
compose '<' '3' to U+2665
compose ':' ')' to U+263A
compose ':' '(' to U+2639
compose ',' '-' to notsign
compose '^' '2' to twosuperior
compose '^' '3' to threesuperior
compose 'm' 'u' to mu
compose '^' '1' to onesuperior
compose '1' '4' to onequarter
compose '1' '2' to onehalf
compose '3' '4' to threequarters
compose '`' 'A' to Agrave
compose '\'' 'A' to Aacute
compose '^' 'A' to Acircumflex
compose '~' 'A' to Atilde
compose '"' 'A' to Adiaeresis
compose 'o' 'A' to Aring
compose ',' 'C' to Ccedilla
compose '`' 'E' to Egrave
compose '\'' 'E' to Eacute
compose '^' 'E' to Ecircumflex
compose '"' 'E' to Ediaeresis
compose '`' 'I' to Igrave
compose '\'' 'I' to Iacute
compose '^' 'I' to Icircumflex
compose '"' 'I' to Idiaeresis
compose 'D' 'H' to ETH
compose '~' 'N' to Ntilde
compose '`' 'O' to Ograve
compose '\'' 'O' to Oacute
compose '^' 'O' to Ocircumflex
compose '~' 'O' to Otilde
compose '"' 'O' to Odiaeresis
compose 'x' 'x' to multiply
compose '/' 'O' to Oslash
compose '`' 'U' to Ugrave
compose '\'' 'U' to Uacute
compose '^' 'U' to Ucircumflex
compose '"' 'U' to Udiaeresis
compose '\'' 'Y' to Yacute
compose 'T' 'H' to THORN
compose '`' 'a' to agrave
compose '\'' 'a' to aacute
compose '^' 'a' to acircumflex
compose '~' 'a' to atilde
compose '"' 'a' to adiaeresis
compose 'o' 'a' to aring
compose ',' 'c' to ccedilla
compose '`' 'e' to egrave
compose '\'' 'e' to eacute
compose '^' 'e' to ecircumflex
compose '"' 'e' to ediaeresis
compose '`' 'i' to igrave
compose '\'' 'i' to iacute
compose '^' 'i' to icircumflex
compose '"' 'i' to idiaeresis
compose 'd' 'h' to eth
compose '~' 'n' to ntilde
compose '`' 'o' to ograve
compose '\'' 'o' to oacute
compose '^' 'o' to ocircumflex
compose '~' 'o' to otilde
compose '"' 'o' to odiaeresis
compose ':' '-' to division
compose '/' 'o' to oslash
compose '`' 'u' to ugrave
compose '\'' 'u' to uacute
compose '^' 'u' to ucircumflex
compose '"' 'u' to udiaeresis
compose '\'' 'y' to yacute
compose 't' 'h' to thorn
compose '"' 'y' to ydiaeresis
compose '\'' 'C' to Cacute
compose '\'' 'c' to cacute
compose '^' 'C' to Ccircumflex
compose '^' 'c' to ccircumflex
compose 'c' 'C' to Ccaron
compose 'c' 'c' to ccaron
compose 'c' 'D' to Dcaron
compose 'c' 'd' to dcaron
compose '-' 'D' to Dstroke
compose '-' 'd' to dstroke
compose 'c' 'E' to Ecaron
compose 'c' 'e' to ecaron
compose ',' 'G' to Gcedilla
compose ',' 'g' to gcedilla
compose '.' 'i' to idotless
compose '/' 'L' to Lstroke
compose '/' 'l' to lstroke
compose '\'' 'S' to Sacute
compose '\'' 's' to sacute
compose '^' 'S' to Scircumflex
compose '^' 's' to scircumflex
compose ',' 'S' to Scedilla
compose ',' 's' to scedilla
compose 'c' 'S' to Scaron
compose 'c' 's' to scaron
compose ',' 'T' to Tcedilla
compose ',' 't' to tcedilla
compose 'c' 'T' to Tcaron
compose 'c' 't' to tcaron
compose '/' 'T' to Tslash
compose '/' 't' to tslash
compose '"' 'Y' to Ydiaeresis
compose '\'' 'Z' to Zacute
compose '\'' 'z' to zacute
compose 'c' 'Z' to Zcaron
compose 'c' 'z' to zcaron
compose '^' '0' to U+2070
compose '^' '4' to U+2074
compose '^' '5' to U+2075
compose '^' '6' to U+2076
compose '^' '7' to U+2077
compose '^' '8' to U+2078
compose '^' '9' to U+2079
compose '^' '+' to U+207A
compose '^' U+2212 to U+207B
compose '^' '=' to U+207C
compose '^' '(' to U+207D
compose '^' ')' to U+207E
compose '_' '0' to U+2080
compose '_' '1' to U+2081
compose '_' '2' to U+2082
compose '_' '3' to U+2083
compose '_' '4' to U+2084
compose '_' '5' to U+2085
compose '_' '6' to U+2086
compose '_' '7' to U+2087
compose '_' '8' to U+2088
compose '_' '9' to U+2089
compose '_' '+' to U+208A
compose '_' U+2212 to U+208B
compose '_' '=' to U+208C
compose '_' '(' to U+208D
compose '_' ')' to U+208E
compose 's' 'm' to U+2120
compose 't' 'm' to U+2122
compose '1' '7' to U+2150
compose '1' '9' to U+2151
compose '1' '3' to U+2153
compose '2' '3' to U+2154
compose '1' '5' to U+2155
compose '2' '5' to U+2156
compose '3' '5' to U+2157
compose '4' '5' to U+2158
compose '1' '6' to U+2159
compose '5' '6' to U+215A
compose '1' '8' to U+215B
compose '3' '8' to U+215C
compose '5' '8' to U+215D
compose '7' '8' to U+215E
compose '0' '3' to U+2189
compose '{' '}' to U+2205
compose '<' '=' to U+2264
compose '>' '=' to U+2265
compose 'd' 'i' to U+2300
compose 'v' '/' to U+221A
compose '8' '8' to U+221E
compose '<' '>' to U+22C4
compose ':' '.' to U+2234
compose '.' ':' to U+2235
